// Jest Snapshot v1, https://goo.gl/fbAQLP

exports[`should match snapshot 1`] = `
<button
  className="sc-bcXHqe gRsFiG"
  data-testid="test-link-id"
  onClick={[Function]}
  type="button"
>
  test link
</button>
`;
