// Jest Snapshot v1, https://goo.gl/fbAQLP

exports[`should match snapshot 1`] = `
.c0 {
  box-sizing: border-box;
  margin: 0;
  padding: 0;
  font-family: -apple-system,BlinkMacSystemFont,"Segoe UI","Roboto","Oxygen", "Ubuntu","Cantarell","Fira Sans","Droid Sans","Helvetica Neue", sans-serif;
  -webkit-font-smoothing: antialiased;
  -moz-osx-font-smoothing: grayscale;
  width: 100%;
}

.c1 {
  box-sizing: border-box;
  margin: 0;
  padding: 0;
  font-family: -apple-system,BlinkMacSystemFont,"Segoe UI","Roboto","Oxygen", "Ubuntu","Cantarell","Fira Sans","Droid Sans","Helvetica Neue", sans-serif;
  -webkit-font-smoothing: antialiased;
  -moz-osx-font-smoothing: grayscale;
  height: 2px;
  width: 100%;
  background-color: rgb(229 231 235);
}

.c2 {
  box-sizing: border-box;
  margin: 0;
  padding: 0;
  font-family: -apple-system,BlinkMacSystemFont,"Segoe UI","Roboto","Oxygen", "Ubuntu","Cantarell","Fira Sans","Droid Sans","Helvetica Neue", sans-serif;
  -webkit-font-smoothing: antialiased;
  -moz-osx-font-smoothing: grayscale;
  position: relative;
}

.c3 {
  box-sizing: border-box;
  margin: 0;
  padding: 0;
  font-family: -apple-system,BlinkMacSystemFont,"Segoe UI","Roboto","Oxygen", "Ubuntu","Cantarell","Fira Sans","Droid Sans","Helvetica Neue", sans-serif;
  -webkit-font-smoothing: antialiased;
  -moz-osx-font-smoothing: grayscale;
  border: 1px solid rgb(156 163 175);
  border-radius: 4px;
  position: absolute;
  background-color: white;
  font-size: 14px;
  color: rgb(156 163 175);
  top: 50%;
  left: 50%;
  padding: 1px 2px;
  -webkit-transform: translateX(-50%) translateY(-50%);
  -ms-transform: translateX(-50%) translateY(-50%);
  transform: translateX(-50%) translateY(-50%);
}

<div
  className="c0"
  data-testid="test-breakline-id"
>
  <div
    className="c1"
  >
    <div
      className="c2"
    >
      <p
        className="c3"
      >
        test breakline
      </p>
    </div>
  </div>
</div>
`;
