// Jest Snapshot v1, https://goo.gl/fbAQLP

exports[`should match snapshot 1`] = `
<span
  className="sc-bcXHqe hySEci"
  data-testid="test-label-id"
>
  test label
</span>
`;
