// Jest Snapshot v1, https://goo.gl/fbAQLP

exports[`should match snapshot 1`] = `
.c7 {
  box-sizing: border-box;
  margin: 0;
  padding: 0;
  font-family: -apple-system,BlinkMacSystemFont,"Segoe UI","Roboto","Oxygen", "Ubuntu","Cantarell","Fira Sans","Droid Sans","Helvetica Neue", sans-serif;
  -webkit-font-smoothing: antialiased;
  -moz-osx-font-smoothing: grayscale;
  width: 100%;
  height: 32px;
  border-radius: 6px;
  border: 0px solid black;
  background-color: rgb(244 63 94);
  background-color: rgb(244 63 94);
  color: white;
  cursor: pointer;
  box-shadow: 0 25px 50px -12px rgb(0 0 0 / 0.25);
}

.c3 {
  box-sizing: border-box;
  font-family: -apple-system,BlinkMacSystemFont,"Segoe UI","Roboto","Oxygen", "Ubuntu","Cantarell","Fira Sans","Droid Sans","Helvetica Neue", sans-serif;
  -webkit-font-smoothing: antialiased;
  -moz-osx-font-smoothing: grayscale;
  margin-top: 15px;
  margin-bottom: 0px;
  margin-left: 0px;
  margin-right: 0px;
  padding-top: 0px;
  padding-bottom: 0px;
  padding-left: 0px;
  padding-right: 0px;
  display: -webkit-box;
  display: -webkit-flex;
  display: -ms-flexbox;
  display: flex;
  -webkit-flex-direction: column;
  -ms-flex-direction: column;
  flex-direction: column;
  -webkit-box-pack: start;
  -webkit-justify-content: flex-start;
  -ms-flex-pack: start;
  justify-content: flex-start;
  -webkit-align-items: flex-start;
  -webkit-box-align: flex-start;
  -ms-flex-align: flex-start;
  align-items: flex-start;
}

.c8 {
  box-sizing: border-box;
  font-family: -apple-system,BlinkMacSystemFont,"Segoe UI","Roboto","Oxygen", "Ubuntu","Cantarell","Fira Sans","Droid Sans","Helvetica Neue", sans-serif;
  -webkit-font-smoothing: antialiased;
  -moz-osx-font-smoothing: grayscale;
  margin-top: 30px;
  margin-bottom: 35px;
  margin-left: 0px;
  margin-right: 0px;
  padding-top: 0px;
  padding-bottom: 0px;
  padding-left: 0px;
  padding-right: 0px;
  display: -webkit-box;
  display: -webkit-flex;
  display: -ms-flexbox;
  display: flex;
  -webkit-flex-direction: column;
  -ms-flex-direction: column;
  flex-direction: column;
  -webkit-box-pack: start;
  -webkit-justify-content: flex-start;
  -ms-flex-pack: start;
  justify-content: flex-start;
  -webkit-align-items: flex-start;
  -webkit-box-align: flex-start;
  -ms-flex-align: flex-start;
  align-items: flex-start;
}

.c0 {
  box-sizing: border-box;
  margin: 0;
  font-family: -apple-system,BlinkMacSystemFont,"Segoe UI","Roboto","Oxygen", "Ubuntu","Cantarell","Fira Sans","Droid Sans","Helvetica Neue", sans-serif;
  -webkit-font-smoothing: antialiased;
  -moz-osx-font-smoothing: grayscale;
  display: -webkit-box;
  display: -webkit-flex;
  display: -ms-flexbox;
  display: flex;
  -webkit-flex-direction: column;
  -ms-flex-direction: column;
  flex-direction: column;
  box-shadow: 0 25px 50px -12px rgb(0 0 0 / 0.25);
  padding-top: 2rem;
  padding-bottom: 2rem;
  padding-left: 2.5rem;
  padding-right: 2.5rem;
  background-color: rgb(255 255 255);
  border-style: solid;
  border-width: 0rem;
  border-radius: 0.5rem;
  width: 20rem;
  height: 450px;
}

.c1 {
  box-sizing: border-box;
  margin: 0;
  padding: 0;
  font-family: -apple-system,BlinkMacSystemFont,"Segoe UI","Roboto","Oxygen", "Ubuntu","Cantarell","Fira Sans","Droid Sans","Helvetica Neue", sans-serif;
  -webkit-font-smoothing: antialiased;
  -moz-osx-font-smoothing: grayscale;
  font-size: 1rem;
  font-weight: 500;
  width: 100%;
}

.c15 {
  box-sizing: border-box;
  margin: 0;
  padding: 0;
  font-family: -apple-system,BlinkMacSystemFont,"Segoe UI","Roboto","Oxygen", "Ubuntu","Cantarell","Fira Sans","Droid Sans","Helvetica Neue", sans-serif;
  -webkit-font-smoothing: antialiased;
  -moz-osx-font-smoothing: grayscale;
  width: 13px;
  height: 13px;
}

.c5 {
  box-sizing: border-box;
  margin: 0;
  padding: 0;
  font-family: -apple-system,BlinkMacSystemFont,"Segoe UI","Roboto","Oxygen", "Ubuntu","Cantarell","Fira Sans","Droid Sans","Helvetica Neue", sans-serif;
  -webkit-font-smoothing: antialiased;
  -moz-osx-font-smoothing: grayscale;
  color: inherit;
  font-size: 14px;
}

.c19 {
  box-sizing: border-box;
  margin: 0;
  padding: 0;
  font-family: -apple-system,BlinkMacSystemFont,"Segoe UI","Roboto","Oxygen", "Ubuntu","Cantarell","Fira Sans","Droid Sans","Helvetica Neue", sans-serif;
  -webkit-font-smoothing: antialiased;
  -moz-osx-font-smoothing: grayscale;
  color: rgb(107 114 128);
  font-size: 14px;
}

.c20 {
  box-sizing: border-box;
  margin: 0;
  padding: 0;
  font-family: -apple-system,BlinkMacSystemFont,"Segoe UI","Roboto","Oxygen", "Ubuntu","Cantarell","Fira Sans","Droid Sans","Helvetica Neue", sans-serif;
  -webkit-font-smoothing: antialiased;
  -moz-osx-font-smoothing: grayscale;
  -webkit-text-decoration: underline;
  text-decoration: underline;
  color: inherit;
  font-size: 14px;
  background: none !important;
  border: none;
  padding: 0 !important;
  cursor: pointer;
}

.c13 {
  box-sizing: border-box;
  font-family: -apple-system,BlinkMacSystemFont,"Segoe UI","Roboto","Oxygen", "Ubuntu","Cantarell","Fira Sans","Droid Sans","Helvetica Neue", sans-serif;
  -webkit-font-smoothing: antialiased;
  -moz-osx-font-smoothing: grayscale;
  margin-top: 0px;
  margin-bottom: 0px;
  margin-left: 0px;
  margin-right: 0px;
  padding-top: 0px;
  padding-bottom: 0px;
  padding-left: 0px;
  padding-right: 0px;
  display: -webkit-box;
  display: -webkit-flex;
  display: -ms-flexbox;
  display: flex;
  -webkit-flex-direction: row;
  -ms-flex-direction: row;
  flex-direction: row;
  -webkit-box-pack: center;
  -webkit-justify-content: center;
  -ms-flex-pack: center;
  justify-content: center;
  -webkit-align-items: start;
  -webkit-box-align: start;
  -ms-flex-align: start;
  align-items: start;
}

.c18 {
  box-sizing: border-box;
  font-family: -apple-system,BlinkMacSystemFont,"Segoe UI","Roboto","Oxygen", "Ubuntu","Cantarell","Fira Sans","Droid Sans","Helvetica Neue", sans-serif;
  -webkit-font-smoothing: antialiased;
  -moz-osx-font-smoothing: grayscale;
  margin-top: 28px;
  margin-bottom: 0px;
  margin-left: 0px;
  margin-right: 0px;
  padding-top: 0px;
  padding-bottom: 0px;
  padding-left: 0px;
  padding-right: 0px;
  display: -webkit-box;
  display: -webkit-flex;
  display: -ms-flexbox;
  display: flex;
  -webkit-flex-direction: row;
  -ms-flex-direction: row;
  flex-direction: row;
  -webkit-box-pack: center;
  -webkit-justify-content: center;
  -ms-flex-pack: center;
  justify-content: center;
  -webkit-align-items: start;
  -webkit-box-align: start;
  -ms-flex-align: start;
  align-items: start;
}

.c6 {
  box-sizing: border-box;
  margin: 0;
  padding: 0;
  font-family: -apple-system,BlinkMacSystemFont,"Segoe UI","Roboto","Oxygen", "Ubuntu","Cantarell","Fira Sans","Droid Sans","Helvetica Neue", sans-serif;
  -webkit-font-smoothing: antialiased;
  -moz-osx-font-smoothing: grayscale;
  width: 100%;
  height: 32px;
  border: 2px solid #e5e7eb;
  border-radius: 5px;
  padding-left: 10px;
}

.c9 {
  box-sizing: border-box;
  margin: 0;
  padding: 0;
  font-family: -apple-system,BlinkMacSystemFont,"Segoe UI","Roboto","Oxygen", "Ubuntu","Cantarell","Fira Sans","Droid Sans","Helvetica Neue", sans-serif;
  -webkit-font-smoothing: antialiased;
  -moz-osx-font-smoothing: grayscale;
  width: 100%;
}

.c10 {
  box-sizing: border-box;
  margin: 0;
  padding: 0;
  font-family: -apple-system,BlinkMacSystemFont,"Segoe UI","Roboto","Oxygen", "Ubuntu","Cantarell","Fira Sans","Droid Sans","Helvetica Neue", sans-serif;
  -webkit-font-smoothing: antialiased;
  -moz-osx-font-smoothing: grayscale;
  height: 2px;
  width: 100%;
  background-color: rgb(229 231 235);
}

.c11 {
  box-sizing: border-box;
  margin: 0;
  padding: 0;
  font-family: -apple-system,BlinkMacSystemFont,"Segoe UI","Roboto","Oxygen", "Ubuntu","Cantarell","Fira Sans","Droid Sans","Helvetica Neue", sans-serif;
  -webkit-font-smoothing: antialiased;
  -moz-osx-font-smoothing: grayscale;
  position: relative;
}

.c12 {
  box-sizing: border-box;
  margin: 0;
  padding: 0;
  font-family: -apple-system,BlinkMacSystemFont,"Segoe UI","Roboto","Oxygen", "Ubuntu","Cantarell","Fira Sans","Droid Sans","Helvetica Neue", sans-serif;
  -webkit-font-smoothing: antialiased;
  -moz-osx-font-smoothing: grayscale;
  border: 1px solid rgb(156 163 175);
  border-radius: 4px;
  position: absolute;
  background-color: white;
  font-size: 14px;
  color: rgb(156 163 175);
  top: 50%;
  left: 50%;
  padding: 1px 2px;
  -webkit-transform: translateX(-50%) translateY(-50%);
  -ms-transform: translateX(-50%) translateY(-50%);
  transform: translateX(-50%) translateY(-50%);
}

.c14 {
  box-sizing: border-box;
  font-family: -apple-system,BlinkMacSystemFont,"Segoe UI","Roboto","Oxygen", "Ubuntu","Cantarell","Fira Sans","Droid Sans","Helvetica Neue", sans-serif;
  -webkit-font-smoothing: antialiased;
  -moz-osx-font-smoothing: grayscale;
  border: 2px solid black;
  border-radius: 45px;
  padding: 3px 5px;
  border-color: #DE5246;
  background-color: white;
  margin: 0px 10px;
  cursor: pointer;
}

.c16 {
  box-sizing: border-box;
  font-family: -apple-system,BlinkMacSystemFont,"Segoe UI","Roboto","Oxygen", "Ubuntu","Cantarell","Fira Sans","Droid Sans","Helvetica Neue", sans-serif;
  -webkit-font-smoothing: antialiased;
  -moz-osx-font-smoothing: grayscale;
  border: 2px solid black;
  border-radius: 45px;
  padding: 3px 5px;
  border-color: #1877f2;
  background-color: white;
  margin: 0px 10px;
  cursor: pointer;
}

.c17 {
  box-sizing: border-box;
  font-family: -apple-system,BlinkMacSystemFont,"Segoe UI","Roboto","Oxygen", "Ubuntu","Cantarell","Fira Sans","Droid Sans","Helvetica Neue", sans-serif;
  -webkit-font-smoothing: antialiased;
  -moz-osx-font-smoothing: grayscale;
  border: 2px solid black;
  border-radius: 45px;
  padding: 3px 5px;
  border-color: #0077B5;
  background-color: white;
  margin: 0px 10px;
  cursor: pointer;
}

.c4 {
  width: 100%;
}

.c2 {
  width: 100%;
}

<div
  className="c0"
  data-testid="test-signuptemplate-id"
>
  <h1
    className="c1"
    data-testid="signuptemplate-header"
  >
    SIGN UP
  </h1>
  <div
    className="c2"
    data-testid="signuptemplate-loginform"
  >
    <div
      className="c3"
    >
      <div
        className="c4"
        data-testid="signupform-textinput-login"
      >
        <span
          className="c5"
          data-testid="textinput-label"
        >
          Email
        </span>
        <input
          className="c6"
          data-testid="textinput-textfield"
          id="email"
          name="Email"
          onChange={[Function]}
          type="email"
        />
      </div>
    </div>
    <div
      className="c3"
    >
      <div
        className="c4"
        data-testid="signupform-textinput-password"
      >
        <span
          className="c5"
          data-testid="textinput-label"
        >
          Password
        </span>
        <input
          className="c6"
          data-testid="textinput-textfield"
          id="password"
          name="Password"
          onChange={[Function]}
          type="password"
        />
      </div>
    </div>
    <div
      className="c3"
    >
      <button
        className="c7"
        data-testid="signup-button-id"
        disabled={false}
        onClick={[Function]}
        type="submit"
      >
        SIGN UP
      </button>
    </div>
  </div>
  <div
    className="c8"
  >
    <div
      className="c9"
      data-testid="signuptemplate-breakline"
    >
      <div
        className="c10"
      >
        <div
          className="c11"
        >
          <p
            className="c12"
          >
            OR
          </p>
        </div>
      </div>
    </div>
  </div>
  <div
    className="c13"
    data-testid="signuptemplate-socialicons"
  >
    <button
      className="c14"
      data-testid="iconbutton-g"
      onClick={[Function]}
    >
      <img
        alt="google"
        className="c15"
        data-testid="icon-g"
        height={13}
        src="./img/google.svg"
        width={13}
      />
    </button>
    <button
      className="c16"
      data-testid="iconbutton-fb"
      onClick={[Function]}
    >
      <img
        alt="facebook"
        className="c15"
        data-testid="icon-fb"
        height={13}
        src="./img/facebook.svg"
        width={13}
      />
    </button>
    <button
      className="c17"
      data-testid="iconbutton-l"
      onClick={[Function]}
    >
      <img
        alt="linkedin"
        className="c15"
        data-testid="icon-l"
        height={13}
        src="./img/linkedin.svg"
        width={13}
      />
    </button>
  </div>
  <div
    className="c18"
  >
    <span
      className="c19"
      color="rgb(107 114 128)"
    >
      Already a user?
       
      <button
        className="c20"
        data-testid="signuptemplate-link"
        onClick={[Function]}
        type="button"
      >
        LOGIN
      </button>
    </span>
  </div>
</div>
`;
