// Jest Snapshot v1, https://goo.gl/fbAQLP

exports[`should match snapshot 1`] = `
.c0 {
  box-sizing: border-box;
  font-family: -apple-system,BlinkMacSystemFont,"Segoe UI","Roboto","Oxygen", "Ubuntu","Cantarell","Fira Sans","Droid Sans","Helvetica Neue", sans-serif;
  -webkit-font-smoothing: antialiased;
  -moz-osx-font-smoothing: grayscale;
  border: 2px solid black;
  border-radius: 45px;
  padding: 3px 5px;
  border-color: black;
  background-color: white;
  margin: 0px 10px;
  cursor: pointer;
}

<button
  className="c0"
  data-testid="test-iconbutton-id"
  onClick={[MockFunction]}
>
  test iconbutton
</button>
`;
