// Jest Snapshot v1, https://goo.gl/fbAQLP

exports[`should match snapshot 1`] = `
.c8 {
  box-sizing: border-box;
  margin: 0;
  padding: 0;
  font-family: -apple-system,BlinkMacSystemFont,"Segoe UI","Roboto","Oxygen", "Ubuntu","Cantarell","Fira Sans","Droid Sans","Helvetica Neue", sans-serif;
  -webkit-font-smoothing: antialiased;
  -moz-osx-font-smoothing: grayscale;
  width: 100%;
  height: 32px;
  border-radius: 6px;
  border: 0px solid black;
  background-color: rgb(244 63 94);
  background-color: rgb(244 63 94);
  color: white;
  cursor: pointer;
  box-shadow: 0 25px 50px -12px rgb(0 0 0 / 0.25);
}

.c7 {
  box-sizing: border-box;
  margin: 0;
  padding: 0;
  font-family: -apple-system,BlinkMacSystemFont,"Segoe UI","Roboto","Oxygen", "Ubuntu","Cantarell","Fira Sans","Droid Sans","Helvetica Neue", sans-serif;
  -webkit-font-smoothing: antialiased;
  -moz-osx-font-smoothing: grayscale;
  margin-right: 10px;
  accent-color: #f43f5e;
  width: 1rem;
  height: 1rem;
}

.c1 {
  box-sizing: border-box;
  font-family: -apple-system,BlinkMacSystemFont,"Segoe UI","Roboto","Oxygen", "Ubuntu","Cantarell","Fira Sans","Droid Sans","Helvetica Neue", sans-serif;
  -webkit-font-smoothing: antialiased;
  -moz-osx-font-smoothing: grayscale;
  margin-top: 15px;
  margin-bottom: 0px;
  margin-left: 0px;
  margin-right: 0px;
  padding-top: 0px;
  padding-bottom: 0px;
  padding-left: 0px;
  padding-right: 0px;
  display: -webkit-box;
  display: -webkit-flex;
  display: -ms-flexbox;
  display: flex;
  -webkit-flex-direction: column;
  -ms-flex-direction: column;
  flex-direction: column;
  -webkit-box-pack: start;
  -webkit-justify-content: flex-start;
  -ms-flex-pack: start;
  justify-content: flex-start;
  -webkit-align-items: flex-start;
  -webkit-box-align: flex-start;
  -ms-flex-align: flex-start;
  align-items: flex-start;
}

.c9 {
  box-sizing: border-box;
  font-family: -apple-system,BlinkMacSystemFont,"Segoe UI","Roboto","Oxygen", "Ubuntu","Cantarell","Fira Sans","Droid Sans","Helvetica Neue", sans-serif;
  -webkit-font-smoothing: antialiased;
  -moz-osx-font-smoothing: grayscale;
  margin-top: 0px;
  margin-bottom: 0px;
  margin-left: 0px;
  margin-right: 0px;
  padding-top: 0px;
  padding-bottom: 0px;
  padding-left: 0px;
  padding-right: 0px;
  display: -webkit-box;
  display: -webkit-flex;
  display: -ms-flexbox;
  display: flex;
  -webkit-flex-direction: column;
  -ms-flex-direction: column;
  flex-direction: column;
  -webkit-box-pack: start;
  -webkit-justify-content: flex-start;
  -ms-flex-pack: start;
  justify-content: flex-start;
  -webkit-align-items: flex-end;
  -webkit-box-align: flex-end;
  -ms-flex-align: flex-end;
  align-items: flex-end;
}

.c3 {
  box-sizing: border-box;
  margin: 0;
  padding: 0;
  font-family: -apple-system,BlinkMacSystemFont,"Segoe UI","Roboto","Oxygen", "Ubuntu","Cantarell","Fira Sans","Droid Sans","Helvetica Neue", sans-serif;
  -webkit-font-smoothing: antialiased;
  -moz-osx-font-smoothing: grayscale;
  color: inherit;
  font-size: 14px;
}

.c10 {
  box-sizing: border-box;
  margin: 0;
  padding: 0;
  font-family: -apple-system,BlinkMacSystemFont,"Segoe UI","Roboto","Oxygen", "Ubuntu","Cantarell","Fira Sans","Droid Sans","Helvetica Neue", sans-serif;
  -webkit-font-smoothing: antialiased;
  -moz-osx-font-smoothing: grayscale;
  -webkit-text-decoration: none;
  text-decoration: none;
  color: rgb(107 114 128);
  font-size: 14px;
  background: none !important;
  border: none;
  padding: 0 !important;
  cursor: pointer;
}

.c5 {
  box-sizing: border-box;
  font-family: -apple-system,BlinkMacSystemFont,"Segoe UI","Roboto","Oxygen", "Ubuntu","Cantarell","Fira Sans","Droid Sans","Helvetica Neue", sans-serif;
  -webkit-font-smoothing: antialiased;
  -moz-osx-font-smoothing: grayscale;
  margin-top: 10px;
  margin-bottom: 0px;
  margin-left: 0px;
  margin-right: 0px;
  padding-top: 0px;
  padding-bottom: 0px;
  padding-left: 0px;
  padding-right: 0px;
  display: -webkit-box;
  display: -webkit-flex;
  display: -ms-flexbox;
  display: flex;
  -webkit-flex-direction: row;
  -ms-flex-direction: row;
  flex-direction: row;
  -webkit-box-pack: start;
  -webkit-justify-content: start;
  -ms-flex-pack: start;
  justify-content: start;
  -webkit-align-items: center;
  -webkit-box-align: center;
  -ms-flex-align: center;
  align-items: center;
}

.c4 {
  box-sizing: border-box;
  margin: 0;
  padding: 0;
  font-family: -apple-system,BlinkMacSystemFont,"Segoe UI","Roboto","Oxygen", "Ubuntu","Cantarell","Fira Sans","Droid Sans","Helvetica Neue", sans-serif;
  -webkit-font-smoothing: antialiased;
  -moz-osx-font-smoothing: grayscale;
  width: 100%;
  height: 32px;
  border: 2px solid #e5e7eb;
  border-radius: 5px;
  padding-left: 10px;
}

.c6 {
  width: 100%;
}

.c2 {
  width: 100%;
}

.c0 {
  width: 100%;
}

<div
  className="c0"
  data-testid="test-loginform-id"
>
  <div
    className="c1"
  >
    <div
      className="c2"
      data-testid="loginform-textinput-login"
    >
      <span
        className="c3"
        data-testid="textinput-label"
      >
        Email
      </span>
      <input
        className="c4"
        data-testid="textinput-textfield"
        id="email"
        name="Email"
        onChange={[Function]}
        type="email"
      />
    </div>
  </div>
  <div
    className="c1"
  >
    <div
      className="c2"
      data-testid="loginform-textinput-password"
    >
      <span
        className="c3"
        data-testid="textinput-label"
      >
        Password
      </span>
      <input
        className="c4"
        data-testid="textinput-textfield"
        id="password"
        name="Password"
        onChange={[Function]}
        type="password"
      />
    </div>
  </div>
  <div
    className="c5"
  >
    <div
      className="c6"
      data-testid="loginform-CheckboxArea"
    >
      <input
        className="c7"
        data-testid="checkboxarea-checkbox"
        id="remember"
        name="remember"
        type="checkbox"
      />
      <span
        className="c3"
        data-testid="checkboxarea-label"
      >
        Remember Me?
      </span>
    </div>
  </div>
  <div
    className="c1"
  >
    <button
      className="c8"
      data-testid="login-button-id"
      disabled={false}
      onClick={[Function]}
      type="submit"
    >
      LOGIN
    </button>
  </div>
  <div
    className="c9"
  >
    <button
      className="c10"
      color="rgb(107 114 128)"
      data-testid="loginform-link"
      onClick={[Function]}
      type="button"
    >
      Forgot Password?
    </button>
  </div>
</div>
`;
