// Jest Snapshot v1, https://goo.gl/fbAQLP

exports[`should match snapshot 1`] = `
.c0 {
  box-sizing: border-box;
  margin: 0;
  padding: 0;
  font-family: -apple-system,BlinkMacSystemFont,"Segoe UI","Roboto","Oxygen", "Ubuntu","Cantarell","Fira Sans","Droid Sans","Helvetica Neue", sans-serif;
  -webkit-font-smoothing: antialiased;
  -moz-osx-font-smoothing: grayscale;
  font-size: 1rem;
  font-weight: 500;
  width: 100%;
}

<h1
  className="c0"
  data-testid="test-header-id"
>
  test header
</h1>
`;
