// Jest Snapshot v1, https://goo.gl/fbAQLP

exports[`should match snapshot 1`] = `
.c0 {
  box-sizing: border-box;
  margin: 0;
  font-family: -apple-system,BlinkMacSystemFont,"Segoe UI","Roboto","Oxygen", "Ubuntu","Cantarell","Fira Sans","Droid Sans","Helvetica Neue", sans-serif;
  -webkit-font-smoothing: antialiased;
  -moz-osx-font-smoothing: grayscale;
  display: -webkit-box;
  display: -webkit-flex;
  display: -ms-flexbox;
  display: flex;
  -webkit-flex-direction: column;
  -ms-flex-direction: column;
  flex-direction: column;
  box-shadow: 0 25px 50px -12px rgb(0 0 0 / 0.25);
  padding-top: 2rem;
  padding-bottom: 2rem;
  padding-left: 2.5rem;
  padding-right: 2.5rem;
  background-color: rgb(255 255 255);
  border-style: solid;
  border-width: 0rem;
  border-radius: 0.5rem;
  width: 20rem;
  height: 450px;
}

<div
  className="c0"
  data-testid="test-container-id"
/>
`;
