// Jest Snapshot v1, https://goo.gl/fbAQLP

exports[`should match snapshot 1`] = `
.c1 {
  box-sizing: border-box;
  margin: 0;
  padding: 0;
  font-family: -apple-system,BlinkMacSystemFont,"Segoe UI","Roboto","Oxygen", "Ubuntu","Cantarell","Fira Sans","Droid Sans","Helvetica Neue", sans-serif;
  -webkit-font-smoothing: antialiased;
  -moz-osx-font-smoothing: grayscale;
  color: inherit;
  font-size: 14px;
}

.c2 {
  box-sizing: border-box;
  margin: 0;
  padding: 0;
  font-family: -apple-system,BlinkMacSystemFont,"Segoe UI","Roboto","Oxygen", "Ubuntu","Cantarell","Fira Sans","Droid Sans","Helvetica Neue", sans-serif;
  -webkit-font-smoothing: antialiased;
  -moz-osx-font-smoothing: grayscale;
  width: 100%;
  height: 32px;
  border: 2px solid #e5e7eb;
  border-radius: 5px;
  padding-left: 10px;
}

.c0 {
  width: 100%;
}

<div
  className="c0"
  data-testid="test-textinput-id"
>
  <span
    className="c1"
    data-testid="textinput-label"
  >
    test textinput
  </span>
  <input
    className="c2"
    data-testid="textinput-textfield"
    id="id-textinput"
    name="test textinput"
    type="email"
  />
</div>
`;
